// Jest Snapshot v1, https://jestjs.io/docs/snapshot-testing

exports[`Halaman Detail Produk renders komponen HalamanProduk correctly 1`] = `
{
  "asFragment": [Function],
  "baseElement": <body>
    <div>
      <div>
        <div
          class="wrapper"
        >
          <button
            class="backButton"
            type="button"
          >
            <svg
              fill="none"
              height="20"
              stroke="currentColor"
              stroke-linecap="round"
              stroke-linejoin="round"
              stroke-width="2"
              viewBox="0 0 24 24"
              width="20"
            >
              <line
                x1="19"
                x2="5"
                y1="12"
                y2="12"
              />
              <polyline
                points="12 19 5 12 12 5"
              />
            </svg>
            Kembali ke Daftar Produk
          </button>
          <div
            class="detailCard"
          >
            <div
              class="detailCard__imageWrapper"
            >
              <img
                alt="Sepatu Baru"
                class="detailCard__image"
                data-nimg="fill"
                decoding="async"
                src="/dummy-image.png"
                style="position: absolute; height: 100%; width: 100%; left: 0px; top: 0px; right: 0px; bottom: 0px; color: transparent;"
              />
            </div>
            <div
              class="detailCard__info"
            >
              <span
                class="detailCard__category"
              >
                Shoes
              </span>
              <h1
                class="detailCard__name"
              >
                Sepatu Baru
              </h1>
              <p
                class="detailCard__price"
              >
                Rp 
                100.000
              </p>
              <div
                class="detailCard__divider"
              />
              <div
                class="detailCard__description"
              >
                <h3>
                  Deskripsi Produk
                </h3>
                <p>
                  Ini adalah detail dari 
                  <strong>
                    Sepatu Baru
                  </strong>
                  . Dirancang dengan kualitas terbaik untuk memenuhi kebutuhan Anda sehari-hari. Material premium memastikan produk ini awet dan nyaman digunakan.
                </p>
              </div>
            </div>
          </div>
        </div>
      </div>
    </div>
  </body>,
  "container": <div>
    <div>
      <div
        class="wrapper"
      >
        <button
          class="backButton"
          type="button"
        >
          <svg
            fill="none"
            height="20"
            stroke="currentColor"
            stroke-linecap="round"
            stroke-linejoin="round"
            stroke-width="2"
            viewBox="0 0 24 24"
            width="20"
          >
            <line
              x1="19"
              x2="5"
              y1="12"
              y2="12"
            />
            <polyline
              points="12 19 5 12 12 5"
            />
          </svg>
          Kembali ke Daftar Produk
        </button>
        <div
          class="detailCard"
        >
          <div
            class="detailCard__imageWrapper"
          >
            <img
              alt="Sepatu Baru"
              class="detailCard__image"
              data-nimg="fill"
              decoding="async"
              src="/dummy-image.png"
              style="position: absolute; height: 100%; width: 100%; left: 0px; top: 0px; right: 0px; bottom: 0px; color: transparent;"
            />
          </div>
          <div
            class="detailCard__info"
          >
            <span
              class="detailCard__category"
            >
              Shoes
            </span>
            <h1
              class="detailCard__name"
            >
              Sepatu Baru
            </h1>
            <p
              class="detailCard__price"
            >
              Rp 
              100.000
            </p>
            <div
              class="detailCard__divider"
            />
            <div
              class="detailCard__description"
            >
              <h3>
                Deskripsi Produk
              </h3>
              <p>
                Ini adalah detail dari 
                <strong>
                  Sepatu Baru
                </strong>
                . Dirancang dengan kualitas terbaik untuk memenuhi kebutuhan Anda sehari-hari. Material premium memastikan produk ini awet dan nyaman digunakan.
              </p>
            </div>
          </div>
        </div>
      </div>
    </div>
  </div>,
  "debug": [Function],
  "findAllByAltText": [Function],
  "findAllByDisplayValue": [Function],
  "findAllByLabelText": [Function],
  "findAllByPlaceholderText": [Function],
  "findAllByRole": [Function],
  "findAllByTestId": [Function],
  "findAllByText": [Function],
  "findAllByTitle": [Function],
  "findByAltText": [Function],
  "findByDisplayValue": [Function],
  "findByLabelText": [Function],
  "findByPlaceholderText": [Function],
  "findByRole": [Function],
  "findByTestId": [Function],
  "findByText": [Function],
  "findByTitle": [Function],
  "getAllByAltText": [Function],
  "getAllByDisplayValue": [Function],
  "getAllByLabelText": [Function],
  "getAllByPlaceholderText": [Function],
  "getAllByRole": [Function],
  "getAllByTestId": [Function],
  "getAllByText": [Function],
  "getAllByTitle": [Function],
  "getByAltText": [Function],
  "getByDisplayValue": [Function],
  "getByLabelText": [Function],
  "getByPlaceholderText": [Function],
  "getByRole": [Function],
  "getByTestId": [Function],
  "getByText": [Function],
  "getByTitle": [Function],
  "queryAllByAltText": [Function],
  "queryAllByDisplayValue": [Function],
  "queryAllByLabelText": [Function],
  "queryAllByPlaceholderText": [Function],
  "queryAllByRole": [Function],
  "queryAllByTestId": [Function],
  "queryAllByText": [Function],
  "queryAllByTitle": [Function],
  "queryByAltText": [Function],
  "queryByDisplayValue": [Function],
  "queryByLabelText": [Function],
  "queryByPlaceholderText": [Function],
  "queryByRole": [Function],
  "queryByTestId": [Function],
  "queryByText": [Function],
  "queryByTitle": [Function],
  "rerender": [Function],
  "unmount": [Function],
}
`;
